.next/dev/types/validator.ts(53,39): error TS2306: File 'C:/cursos - 2.0/Gest├úo-clientes/interface/app/(admin)/cadastro/page.tsx' is not a module.
app/(admin)/login/page.tsx(27,27): error TS2769: No overload matches this call.
  Overload 1 of 4, '(schema: Zod3Type<{ email: string; password: string; }, { email: string; password: string; }>, schemaOptions?: ParseParams | undefined, resolverOptions?: NonRawResolverOptions | undefined): Resolver<...>', gave the following error.
    Argument of type 'ZodObject<{ email: ZodString; password: ZodString; }, $strip>' is not assignable to parameter of type 'Zod3Type<{ email: string; password: string; }, { email: string; password: string; }>'.
      Types of property '_def' are incompatible.
        Property 'typeName' is missing in type '$ZodObjectDef<{ email: ZodString; password: ZodString; }>' but required in type '{ typeName: string; }'.
  Overload 2 of 4, '(schema: $ZodType<unknown, FieldValues, $ZodTypeInternals<unknown, FieldValues>>, schemaOptions?: ParseContext<$ZodIssue> | undefined, resolverOptions?: NonRawResolverOptions | undefined): Resolver<...>', gave the following error.
    Argument of type 'ZodObject<{ email: ZodString; password: ZodString; }, $strip>' is not assignable to parameter of type '$ZodType<unknown, FieldValues, $ZodTypeInternals<unknown, FieldValues>>'.
      The types of '_zod.version.minor' are incompatible between these types.
        Type '3' is not assignable to type '0'.
app/(app)/projetos/novo/page.tsx(10,22): error TS2322: Type '{ onSubmit: (values: unknown) => Promise<void>; }' is not assignable to type 'IntrinsicAttributes & ProjectFormProps'.
  Property 'onSubmit' does not exist on type 'IntrinsicAttributes & ProjectFormProps'.
